
Running 9 tests using 3 workers

  x  2 [desktop-chromium] ΓÇ║ e2e\reader-microinteractions.spec.ts:89:1 ΓÇ║ the full reader canvas counts taps while controls and the benefit sheet never do (11.2s)
  x  1 [desktop-chromium] ΓÇ║ e2e\reader-microinteractions.spec.ts:108:1 ΓÇ║ reader actions stay inside a 320 px app canvas (30.1s)
  x  3 [desktop-chromium] ΓÇ║ e2e\reader-microinteractions.spec.ts:58:1 ΓÇ║ counter shows a checkmark-only completion for 500 ms and a clear tap-anywhere instruction (30.1s)
  x  4 [desktop-chromium] ΓÇ║ e2e\reader-microinteractions.spec.ts:128:1 ΓÇ║ reference sheet matches the approved hierarchy and stays usable on short screens (30.1s)
  x  6 [desktop-chromium] ΓÇ║ e2e\reader-microinteractions.spec.ts:189:3 ΓÇ║ EN benefit sheet only shows content for its selected language (30.2s)
  x  5 [desktop-chromium] ΓÇ║ e2e\reader-microinteractions.spec.ts:165:1 ΓÇ║ benefit sheet rises from the bottom edge of the centered app canvas (30.1s)
  x  7 [desktop-chromium] ΓÇ║ e2e\reader-microinteractions.spec.ts:189:3 ΓÇ║ AR benefit sheet only shows content for its selected language (30.3s)
  x  8 [desktop-chromium] ΓÇ║ e2e\reader-microinteractions.spec.ts:228:3 ΓÇ║ EN category and reader progress begin at the logical start edge (11.7s)
  x  9 [desktop-chromium] ΓÇ║ e2e\reader-microinteractions.spec.ts:228:3 ΓÇ║ AR category and reader progress begin at the logical start edge (12.1s)


  1) [desktop-chromium] ΓÇ║ e2e\reader-microinteractions.spec.ts:58:1 ΓÇ║ counter shows a checkmark-only completion for 500 ms and a clear tap-anywhere instruction 

    Test timeout of 30000ms exceeded.

    Error: locator.textContent: Test timeout of 30000ms exceeded.
    Call log:
      - waiting for getByTestId('zikr-text')


      62 |   const zikr = page.getByTestId("zikr-text");
      63 |   const counterSurface = page.getByTestId("counter-surface");
    > 64 |   const firstZikr = await zikr.textContent();
         |                                ^
      65 |   expect(firstZikr).toBeTruthy();
      66 |   await expect(counterSurface.getByText("Tap anywhere to count", { exact: true })).toBeVisible();
      67 |   await expect(page.getByText("Take a calm breath, then tap to begin", { exact: true })).toHaveCount(0);
        at C:\Users\AhmedMahdy\OneDrive - Advansys IS\Documents\Antigravity\Azkarapp\e2e\reader-microinteractions.spec.ts:64:32

    Error Context: test-results\reader-microinteractions-c-45c15-ar-tap-anywhere-instruction-desktop-chromium\error-context.md

  2) [desktop-chromium] ΓÇ║ e2e\reader-microinteractions.spec.ts:89:1 ΓÇ║ the full reader canvas counts taps while controls and the benefit sheet never do 

    Error: expect(locator).toHaveAttribute(expected) failed

    Locator: getByTestId('counter-surface')
    Expected pattern: /0 \/ 1$/
    Timeout: 5000ms
    Error: element(s) not found

    Call log:
      - Expect "toHaveAttribute" with timeout 5000ms
      - waiting for getByTestId('counter-surface')


      91 |
      92 |   const counterSurface = page.getByTestId("counter-surface");
    > 93 |   await expect(counterSurface).toHaveAttribute("aria-label", /0 \/ 1$/);
         |                                ^
      94 |
      95 |   await page.getByRole("button", { name: "Save zikr", exact: true }).click();
      96 |   await expect(counterSurface).toHaveAttribute("aria-label", /0 \/ 1$/);
        at C:\Users\AhmedMahdy\OneDrive - Advansys IS\Documents\Antigravity\Azkarapp\e2e\reader-microinteractions.spec.ts:93:32

    Error Context: test-results\reader-microinteractions-t-5a825--the-benefit-sheet-never-do-desktop-chromium\error-context.md

  3) [desktop-chromium] ΓÇ║ e2e\reader-microinteractions.spec.ts:108:1 ΓÇ║ reader actions stay inside a 320 px app canvas 

    Test timeout of 30000ms exceeded.

    Error: locator.boundingBox: Test timeout of 30000ms exceeded.
    Call log:
      - waiting for getByTestId('reader-screen')


      110 |   await openFirstMorningZikr(page);
      111 |
    > 112 |   const readerBox = await page.getByTestId("reader-screen").boundingBox();
          |                                                             ^
      113 |   const actionBoxes = await Promise.all(
      114 |     ["Share zikr", "Benefit", "Save zikr"].map((name) => page.getByRole("button", { name, exact: true }).boundingBox()),
      115 |   );
        at C:\Users\AhmedMahdy\OneDrive - Advansys IS\Documents\Antigravity\Azkarapp\e2e\reader-microinteractions.spec.ts:112:61

    Error Context: test-results\reader-microinteractions-r-19bdb--inside-a-320-px-app-canvas-desktop-chromium\error-context.md

  4) [desktop-chromium] ΓÇ║ e2e\reader-microinteractions.spec.ts:128:1 ΓÇ║ reference sheet matches the approved hierarchy and stays usable on short screens 

    Test timeout of 30000ms exceeded.

    Error: locator.click: Test timeout of 30000ms exceeded.
    Call log:
      - waiting for getByRole('button', { name: 'Benefit', exact: true })


      131 |
      132 |   const trigger = page.getByRole("button", { name: "Benefit", exact: true });
    > 133 |   await trigger.click();
          |                 ^
      134 |
      135 |   const sheet = page.getByTestId("reference-sheet");
      136 |
        at C:\Users\AhmedMahdy\OneDrive - Advansys IS\Documents\Antigravity\Azkarapp\e2e\reader-microinteractions.spec.ts:133:17

    Error Context: test-results\reader-microinteractions-r-b7761-ays-usable-on-short-screens-desktop-chromium\error-context.md

  5) [desktop-chromium] ΓÇ║ e2e\reader-microinteractions.spec.ts:165:1 ΓÇ║ benefit sheet rises from the bottom edge of the centered app canvas 

    Test timeout of 30000ms exceeded.

    Error: locator.click: Test timeout of 30000ms exceeded.
    Call log:
      - waiting for getByRole('button', { name: 'Benefit', exact: true })


      167 |   await openFirstMorningZikr(page);
      168 |
    > 169 |   await page.getByRole("button", { name: "Benefit", exact: true }).click();
          |                                                                    ^
      170 |   // Wait for slide-up sheet-enter transition to complete
      171 |   await page.waitForTimeout(300);
      172 |   const reader = page.getByTestId("reader-screen");
        at C:\Users\AhmedMahdy\OneDrive - Advansys IS\Documents\Antigravity\Azkarapp\e2e\reader-microinteractions.spec.ts:169:68

    Error Context: test-results\reader-microinteractions-b-9fd59--of-the-centered-app-canvas-desktop-chromium\error-context.md

  6) [desktop-chromium] ΓÇ║ e2e\reader-microinteractions.spec.ts:189:3 ΓÇ║ EN benefit sheet only shows content for its selected language 

    Test timeout of 30000ms exceeded.

    Error: locator.click: Test timeout of 30000ms exceeded.
    Call log:
      - waiting for getByRole('button', { name: 'Benefit', exact: true })


      193 |     await page.getByTestId("category-card-morning").click();
      194 |     await page.locator(`button:has([lang='${locale.language}'])`).first().click();
    > 195 |     await page.getByRole("button", { name: locale.benefit, exact: true }).click();
          |                                                                           ^
      196 |
      197 |     const sheet = page.getByTestId("reference-sheet");
      198 |     await expect(sheet.getByRole("heading", { name: locale.source, exact: true })).toBeVisible();
        at C:\Users\AhmedMahdy\OneDrive - Advansys IS\Documents\Antigravity\Azkarapp\e2e\reader-microinteractions.spec.ts:195:75

    Error Context: test-results\reader-microinteractions-E-25e0a-t-for-its-selected-language-desktop-chromium\error-context.md

  7) [desktop-chromium] ΓÇ║ e2e\reader-microinteractions.spec.ts:189:3 ΓÇ║ AR benefit sheet only shows content for its selected language 

    Test timeout of 30000ms exceeded.

    Error: locator.click: Test timeout of 30000ms exceeded.
    Call log:
      - waiting for getByRole('button', { name: '┘ü╪º╪ª╪»╪⌐', exact: true })


      193 |     await page.getByTestId("category-card-morning").click();
      194 |     await page.locator(`button:has([lang='${locale.language}'])`).first().click();
    > 195 |     await page.getByRole("button", { name: locale.benefit, exact: true }).click();
          |                                                                           ^
      196 |
      197 |     const sheet = page.getByTestId("reference-sheet");
      198 |     await expect(sheet.getByRole("heading", { name: locale.source, exact: true })).toBeVisible();
        at C:\Users\AhmedMahdy\OneDrive - Advansys IS\Documents\Antigravity\Azkarapp\e2e\reader-microinteractions.spec.ts:195:75

    Error Context: test-results\reader-microinteractions-A-a01fe-t-for-its-selected-language-desktop-chromium\error-context.md

  8) [desktop-chromium] ΓÇ║ e2e\reader-microinteractions.spec.ts:228:3 ΓÇ║ EN category and reader progress begin at the logical start edge 

    Error: expect(locator).toBeVisible() failed

    Locator: getByTestId('zikr-text')
    Expected: visible
    Timeout: 5000ms
    Error: element(s) not found

    Call log:
      - Expect "toBeVisible" with timeout 5000ms
      - waiting for getByTestId('zikr-text')


      236 |
      237 |     await page.locator(`button:has([lang='${locale.language}'])`).first().click();
    > 238 |     await expect(page.getByTestId("zikr-text")).toBeVisible();
          |                                                 ^
      239 |
      240 |     const readerProgress = page.getByRole("progressbar");
      241 |     await expectFillToStartAt(readerProgress, locale.direction);
        at C:\Users\AhmedMahdy\OneDrive - Advansys IS\Documents\Antigravity\Azkarapp\e2e\reader-microinteractions.spec.ts:238:49

    Error Context: test-results\reader-microinteractions-E-59e6d-n-at-the-logical-start-edge-desktop-chromium\error-context.md

  9) [desktop-chromium] ΓÇ║ e2e\reader-microinteractions.spec.ts:228:3 ΓÇ║ AR category and reader progress begin at the logical start edge 

    Error: expect(locator).toBeVisible() failed

    Locator: getByTestId('zikr-text')
    Expected: visible
    Timeout: 5000ms
    Error: element(s) not found

    Call log:
      - Expect "toBeVisible" with timeout 5000ms
      - waiting for getByTestId('zikr-text')


      236 |
      237 |     await page.locator(`button:has([lang='${locale.language}'])`).first().click();
    > 238 |     await expect(page.getByTestId("zikr-text")).toBeVisible();
          |                                                 ^
      239 |
      240 |     const readerProgress = page.getByRole("progressbar");
      241 |     await expectFillToStartAt(readerProgress, locale.direction);
        at C:\Users\AhmedMahdy\OneDrive - Advansys IS\Documents\Antigravity\Azkarapp\e2e\reader-microinteractions.spec.ts:238:49

    Error Context: test-results\reader-microinteractions-A-f2dd2-n-at-the-logical-start-edge-desktop-chromium\error-context.md

  9 failed
    [desktop-chromium] ΓÇ║ e2e\reader-microinteractions.spec.ts:58:1 ΓÇ║ counter shows a checkmark-only completion for 500 ms and a clear tap-anywhere instruction 
    [desktop-chromium] ΓÇ║ e2e\reader-microinteractions.spec.ts:89:1 ΓÇ║ the full reader canvas counts taps while controls and the benefit sheet never do 
    [desktop-chromium] ΓÇ║ e2e\reader-microinteractions.spec.ts:108:1 ΓÇ║ reader actions stay inside a 320 px app canvas 
    [desktop-chromium] ΓÇ║ e2e\reader-microinteractions.spec.ts:128:1 ΓÇ║ reference sheet matches the approved hierarchy and stays usable on short screens 
    [desktop-chromium] ΓÇ║ e2e\reader-microinteractions.spec.ts:165:1 ΓÇ║ benefit sheet rises from the bottom edge of the centered app canvas 
    [desktop-chromium] ΓÇ║ e2e\reader-microinteractions.spec.ts:189:3 ΓÇ║ EN benefit sheet only shows content for its selected language 
    [desktop-chromium] ΓÇ║ e2e\reader-microinteractions.spec.ts:189:3 ΓÇ║ AR benefit sheet only shows content for its selected language 
    [desktop-chromium] ΓÇ║ e2e\reader-microinteractions.spec.ts:228:3 ΓÇ║ EN category and reader progress begin at the logical start edge 
    [desktop-chromium] ΓÇ║ e2e\reader-microinteractions.spec.ts:228:3 ΓÇ║ AR category and reader progress begin at the logical start edge 
